Archive member included because of file (symbol)

../sbl6/segalib/lib/sega_int.a(int.o)
                              vblank.o (INT_SetScuFunc)
../sbl6/segalib/lib/sega_int.a(int_trmp.o)
                              ../sbl6/segalib/lib/sega_int.a(int.o) (__interrupt_handler0)
../sbl6/segalib/lib/sega_spr.a(spr_2c.o)
                              sprite.o (SPR_2Initial)
../sbl6/segalib/lib/sega_spr.a(spr_slv.o)
                              ../sbl6/segalib/lib/sega_spr.a(spr_2c.o) (SPR_InitSlaveSH)
../sbl6/segalib/lib/sega_spr.a(spr_1c.o)
                              ../sbl6/segalib/lib/sega_spr.a(spr_2c.o) (SPR_Initial)
../sbl6/segalib/lib/sega_spr.a(spr_2a.o)
                              ../sbl6/segalib/lib/sega_spr.a(spr_2c.o) (SPR_2SetDrawPrty)
../sbl6/segalib/lib/sega_scl.a(scl_vblv.o)
                              ../sbl6/segalib/lib/sega_spr.a(spr_1c.o) (SpFrameChgMode)
../sbl6/segalib/lib/sega_scl.a(scl_func.o)
                              sprite.o (SCL_Vdp2Init)
../sbl6/segalib/lib/sega_scl.a(scl_pr03.o)
                              sprite.o (SCL_AllocColRam)
../sbl6/segalib/lib/sega_scl.a(scl_pr02.o)
                              sprite.o (SCL_SetColRam)
../sbl6/segalib/lib/sega_scl.a(scl_fu01.o)
                              scroll.o (SCL_SetDisplayMode)
../sbl6/segalib/lib/sega_scl.a(scl_back.o)
                              scroll.o (SCL_SetBack)
../sbl6/segalib/lib/sega_scl.a(scl_ro00.o)
                              scroll.o (SCL_InitRotateTable)
../sbl6/segalib/lib/sega_scl.a(scl_fu02.o)
                              scroll.o (SCL_InitVramConfigTb)
../sbl6/segalib/lib/sega_scl.a(scl_fu03.o)
                              scroll.o (SCL_InitConfigTb)
../sbl6/segalib/lib/sega_scl.a(scl_pr07.o)
                              scroll.o (SCL_SetPriority)
../sbl6/segalib/lib/sega_scl.a(scl_fu04.o)
                              static.o (SCL_SetCycleTable)
../sbl6/segalib/lib/sega_scl.a(scl_pr01.o)
                              main.o (SCL_SetSpriteMode)
../sbl6/segalib/lib/sega_scl.a(scl_pri.o)
                              ../sbl6/segalib/lib/sega_scl.a(scl_func.o) (SclRealOtherPri)
../sbl6/segalib/lib/sega_scl.a(scl_pr06.o)
                              ../sbl6/segalib/lib/sega_scl.a(scl_pr03.o) (SCL_SetColRamOffset)
../sbl6/segalib/lib/sega_scl.a(scl_pr05.o)
                              ../sbl6/segalib/lib/sega_scl.a(scl_pr02.o) (SCL_GetColRamOffset)
../sbl6/segalib/lib/sega_mth.a(mth_fixd.o)
                              sprite.o (MTH_Mul)
../sbl6/segalib/lib/sega_mth.a(mth_tri.o)
                              sprite.o (MTH_Sin)
../sbl6/segalib/lib/sega_cdc.a(cdc_drv.o)
                              sound.o (CDC_CdPlay)
../sbl6/segalib/lib/sega_cdc.a(cdc_sub.o)
                              ../sbl6/segalib/lib/sega_cdc.a(cdc_drv.o) (CDSUB_UpdCdstat)
../sbl6/segalib/lib/sega_cdc.a(cdc_reg.o)
                              ../sbl6/segalib/lib/sega_cdc.a(cdc_sub.o) (CDREG_CmdRsp)
../sbl6/segalib/lib/sega_cdc.a(cdc_cmn.o)
                              ../sbl6/segalib/lib/sega_cdc.a(cdc_reg.o) (CDC_DataReady)
../sbl6/segalib/lib/sega_per.a(per_prt.o)
                              ../sbl6/segasmp/per/smpclib/per_x2.o (PER_LInit)
../sbl6/segalib/lib/sega_sat.a(gfs.o)
                              cd.o (GFS_Init)
../sbl6/segalib/lib/sega_sat.a(DMA_CPU1.o)
                              pcmsys.o (DMA_CpuMemCopy1)
../sbl6/segalib/lib/sega_sat.a(DMA_CPU5.o)
                              pcmsys.o (DMA_CpuResult)
../sbl6/segalib/lib/sega_sat.a(sys_exit.o)
                              player.o (SYS_Exit)
../sbl6/segalib/lib/sega_sat.a(DMA_SCU1.o)
                              ../sbl6/segalib/lib/sega_spr.a(spr_2c.o) (DMA_ScuMemCopy)
../sbl6/segalib/lib/sega_sat.a(gfs_cdf.o)
                              ../sbl6/segalib/lib/sega_sat.a(gfs.o) (GFCF_Init)
../sbl6/segalib/lib/sega_sat.a(gfs_dir.o)
                              ../sbl6/segalib/lib/sega_sat.a(gfs.o) (GFDR_SetupDirTbl)
../sbl6/segalib/lib/sega_sat.a(gfs_trn.o)
                              ../sbl6/segalib/lib/sega_sat.a(gfs.o) (GFTR_Setup)
../sbl6/segalib/lib/sega_sat.a(gfs_buf.o)
                              ../sbl6/segalib/lib/sega_sat.a(gfs.o) (GFBF_GetNumData)
../sbl6/segalib/lib/sega_sat.a(gfs_cdb.o)
                              ../sbl6/segalib/lib/sega_sat.a(gfs_cdf.o) (GFCB_Setup)
../sbl6/segalib/lib/sega_sat.a(gfs_cdc.o)
                              ../sbl6/segalib/lib/sega_sat.a(gfs.o) (GFCD_SetCdbfs)
../sbl6/segalib/lib/sega_sat.a(DMA_CPU0.o)
                              ../sbl6/segalib/lib/sega_sat.a(DMA_CPU1.o) (DMA_CpuSetComPrm)
../sbl6/segalib/lib/sega_sat.a(csh_main.o)
                              ../sbl6/segalib/lib/sega_sat.a(DMA_CPU5.o) (CSH_Purge)
../sbl6/segalib/lib/sega_sat.a(cdc_cfs.o)
                              ../sbl6/segalib/lib/sega_sat.a(sys_exit.o) (CDC_ChgDir)
../sbl6/segalib/lib/sega_sat.a(DMA_SCU0.o)
[...]
Memory Configuration

Name             Origin             Length             Attributes
*default*        0x00000000         0xffffffff

Linker script and memory map

LOAD ../sbl6/segasmp/lib/strt1_g.o
LOAD ../sbl6/segasmp/lib/strt2_g.o
LOAD vblank.o
LOAD ../sbl6/segasmp/per/smpclib/per_x1.o
LOAD ../sbl6/segasmp/per/smpclib/per_x2.o
LOAD ../sbl6/segasmp/per/smpclib/per_x3.o
LOAD cd.o
LOAD graphics.o
LOAD pcmsys.o
LOAD overworld.o
LOAD battle.o
LOAD player.o
LOAD print.o
LOAD sprite.o
LOAD scroll.o
LOAD static.o
LOAD sound.o
LOAD main.o
LOAD ../sbl6/segalib/lib/sega_int.a
LOAD ../sbl6/segalib/lib/sega_spr.a
LOAD ../sbl6/segalib/lib/sega_scl.a
LOAD ../sbl6/segalib/lib/sega_mth.a
LOAD ../sbl6/segalib/lib/sega_cdc.a
LOAD ../sbl6/segalib/lib/sega_adp.a
LOAD ../sbl6/segalib/lib/sega_per.a
LOAD ../sbl6/segalib/lib/sega_sat.a
LOAD C:/Saturn/SH_COFF/sh-coff/bin/../lib/gcc/sh-coff/3.4-GNUSH_v0501\libgcc.a
LOAD C:/Saturn/SH_COFF/sh-coff/bin/../lib/gcc/sh-coff/3.4-GNUSH_v0501/../../../../sh-coff/lib\libc.a
LOAD C:/Saturn/SH_COFF/sh-coff/bin/../lib/gcc/sh-coff/3.4-GNUSH_v0501\libgcc.a

.text           0x06010000    0x158c0
 *(.text)
 .text          0x06010000       0x30 ../sbl6/segasmp/lib/strt1_g.o
                0x06010024                _D_END
                0x06010020                _D_BGN
                0x0601002c                _B_END
                0x06010028                _B_BGN
                0x06010000                START
 .text          0x06010030       0x60 ../sbl6/segasmp/lib/strt2_g.o
                0x06010050                _INITSCT
                0x06010030                _INIT
 .text          0x06010090      0x170 vblank.o
                0x06010090                SetVblank
                0x06010100                UsrVblankOut
                0x060100f0                UsrVblankIn
 .text          0x06010200      0x430 ../sbl6/segasmp/per/smpclib/per_x1.o
                0x06010594                PER_GetAnalogXYZ
                0x06010224                PER_GetTriggerHandler
                0x060104be                PER_GetEdge
                0x0601043c                PER_GetTrigger
                0x060104e8                PER_GetPressEdge
                0x0601053c                PER_GetReleaseEdge
                0x06010200                PER_SetTriggerHandler
 .text          0x06010630      0x200 ../sbl6/segasmp/per/smpclib/per_x2.o
                0x06010734                PER_GetDeviceA
                0x06010630                PER_OpenPort
                0x06010668                PER_GetPort
                0x060107ae                PER_GetDeviceR
 .text          0x06010830       0x20 ../sbl6/segasmp/per/smpclib/per_x3.o
                0x06010830                PER_DisguiseTrigger
 .text          0x06010850      0x120 cd.o
                0x060108f0                cd_load_nosize
                0x06010850                cd_init
                0x06010880                cd_load
 .text          0x06010970      0x8a0 pcmsys.o
                0x06011020                load_8bit_pcm
                0x06010d90                smpc_issue_command
                0x06010e40                load_drv
                0x060111a0                pcm_parameter_change
                0x06010d70                smpc_wait_till_ready
                0x06010db0                load_driver_binary
                0x06011160                pcm_play
                0x060111d0                pcm_cease
                0x06010e90                calculate_bytes_per_blank
                0x06010ed0                load_16bit_pcm
 .text          0x06011210      0x420 overworld.o
                0x06011228                OVERWORLDMAP_END
                0x06011480                getTileBattleBackdrop
                0x0601121c                RNG_TABLE
                0x06011210                BATTLE_CHANCE
                0x06011234                OVERWORLDMAP_OFFSET
                0x06011450                getTileProperty2
                0x06011240                decomp_map
                0x06011218                BATTLE_FORMAT_WEIGHT_TABLE
                0x06011420                getTileProperty1
                0x06011520                determineBattleDomain
                0x060115b0                getBattleNum
                0x06011224                OVERWORLD_TILEDATA
                0x06011230                OVERWORLDMAP_PTRADD
                0x06011360                update_plane
                0x0601122c                OVERWORLDMAP_START
                0x06011238                LWRAM_START
                0x06011214                BATTLE_LOOKUP_TABLE
                0x06011220                BATTLE_BACKDROP
                0x06011340                getTile
                0x06011330                overworld_init
                0x060114b0                encounterBattle
 .text          0x06011630      0x350 battle.o
                0x060117f0                parseEnemyName
                0x06011930                enemy_bat_draw
                0x06011890                battle_init
                0x06011630                parseBattleData
                0x06011710                parseEnemyData
 .text          0x06011980     0x1110 player.o
                0x06011980                START_POS_Y
                0x06011fa0                inForest
                0x06011b00                char_init
                0x06012340                movePlayerDown
                0x060124c0                movePlayerRight
                0x06012230                doBattle
                0x06012580                movePlayerLeft
                0x06012640                player_input
                0x06012120                canMove
                0x06012400                movePlayerUp
                0x06011990                player_ow_init
                0x06011a20                player_bat_init
                0x06011cf0                player_animate
                0x06012000                player_ow_draw
                0x06011dc0                player_bat_draw
                0x06011984                START_POS_X
 .text          0x06012a90      0x200 print.o
                0x06012bf0                print_display
                0x06012ad0                print_num
                0x06012b20                print_hp_num
                0x06012b90                print_char_name
                0x06012a90                print_init
                0x06012bc0                print_string
 .text          0x06012c90      0x660 sprite.o
                0x06012cc0                sprite_init
                0x06013120                sprite_make
                0x06013260                sprite_next
                0x060132c0                sprite_delete
                0x06013160                sprite_draw_all
                0x06012c90                sprite_deleteall
                0x06012ed0                sprite_draw
 .text          0x060132f0      0x370 scroll.o
                0x06013510                scroll_move
                0x060135c0                scroll_get
                0x06013590                scroll_set
                0x06013620                scroll_enable
                0x060132f0                scroll_init
                0x06013640                scroll_disable
 .text          0x06013660      0x250 static.o
                0x06013890                static_disable
                0x06013870                static_enable
                0x06013660                static_init
 .text          0x060138b0      0x120 sound.o
                0x060139b0                sound_play
                0x060138b0                sound_init
                0x06013970                sound_cdda
 .text          0x060139d0      0x680 main.o
                0x06013a00                main
 .text          0x06014050       0x40 ../sbl6/segalib/lib/sega_int.a(int.o)
                0x0601407c                INT_GetScuFunc
                0x06014050                INT_SetScuFunc
 .text          0x06014090      0x624 ../sbl6/segalib/lib/sega_int.a(int_trmp.o)
                0x060141f8                __interrupt_handler60
                0x060143a8                __interrupt_handler132
                0x0601455e                __interrupt_handler205
                0x060143c6                __interrupt_handler137
                0x060142f4                __interrupt_handler102
                0x06014132                __interrupt_handler27
                0x06014534                __interrupt_handler198
                0x06014426                __interrupt_handler153
                0x0601410e                __interrupt_handler21
                0x0601421c                __interrupt_handler66
                0x0601430c                __interrupt_handler106
                0x06014456                __interrupt_handler161
                0x060142a0                __interrupt_handler88
                0x0601446e                __interrupt_handler165
                0x0601437e                __interrupt_handler125
                0x060140b4                __interrupt_handler6
                0x06014150                __interrupt_handler32
                0x0601450a                __interrupt_handler191
                0x06014624                __interrupt_handler238
                0x0601463c                __interrupt_handler242
                0x06014444                __interrupt_handler158
                0x060142ac                __interrupt_handler90
                0x06014468                __interrupt_handler164
                0x0601418c                __interrupt_handler42
                0x060144ce                __interrupt_handler181
                0x060145d6                __interrupt_handler225
                0x0601467e                __interrupt_handler253
                0x06014492                __interrupt_handler171
                0x0601424c                __interrupt_handler74
                0x060140a2                __interrupt_handler3
                0x060141e6                __interrupt_handler57
                0x060140e4                __interrupt_handler14
                0x0601457c                __interrupt_handler210
                0x060145ac                __interrupt_handler218
                0x06014570                __interrupt_handler208
                0x06014174                __interrupt_handler38
                0x06014090                __interrupt_handler0
                0x06014300                __interrupt_handler104
                0x0601443e                __interrupt_handler157
                0x0601458e                __interrupt_handler213
                0x06014480                __interrupt_handler168
                0x0601428e                __interrupt_handler85
                0x0601432a                __interrupt_handler111
                0x0601433c                __interrupt_handler114
                0x060141aa                __interrupt_handler47
                0x06014600                __interrupt_handler232
                0x060145ca                __interrupt_handler223
                0x0601461e                __interrupt_handler237
                0x0601420a                __interrupt_handler63
                0x06014198                __interrupt_handler44
                0x060144aa                __interrupt_handler175
                0x060144d4                __interrupt_handler182
                0x060144ec                __interrupt_handler186
                0x060143ea                __interrupt_handler143
                0x06014312                __interrupt_handler107
                0x06014378                __interrupt_handler124
                0x06014498                __interrupt_handler172
                0x0601464e                __interrupt_handler245
                0x060142ca                __interrupt_handler95
                0x060143a2                __interrupt_handler131
                0x060143b4                __interrupt_handler134
                0x060143d2                __interrupt_handler139
                0x06014240                __interrupt_handler72
                0x060145fa                __interrupt_handler231
                0x06014450                __interrupt_handler160
                0x06014396                __interrupt_handler129
                0x06014108                __interrupt_handler20
                0x06014216                __interrupt_handler65
                0x060141e0                __interrupt_handler56
                0x060140de                __interrupt_handler13
                0x06014576                __interrupt_handler209
                0x06014330                __interrupt_handler112
                0x06014102                __interrupt_handler19
                0x060142be                __interrupt_handler93
                0x06014528                __interrupt_handler196
                0x0601441a                __interrupt_handler151
                0x0601447a                __interrupt_handler167
                0x06014690                __trampoline
                0x060140f6                __interrupt_handler17
                0x060145e8                __interrupt_handler228
                0x0601468a                __interrupt_handler255
                0x06014648                __interrupt_handler244
                0x060142e2                __interrupt_handler99
                0x060144da                __interrupt_handler183
                0x060143d8                __interrupt_handler140
                0x060144fe                __interrupt_handler189
                0x060143fc                __interrupt_handler146
                0x060145c4                __interrupt_handler222
                0x06014438                __interrupt_handler156
                0x0601436c                __interrupt_handler122
                0x06014660                __interrupt_handler248
                0x060141b0                __interrupt_handler48
                0x0601422e                __interrupt_handler69
                0x06014120                __interrupt_handler24
                0x060142a6                __interrupt_handler89
                0x0601459a                __interrupt_handler215
                0x06014684                __interrupt_handler254
                0x0601429a                __interrupt_handler87
                0x060141fe                __interrupt_handler61
                0x06014522                __interrupt_handler195
                0x06014414                __interrupt_handler150
                0x06014186                __interrupt_handler41
                0x06014324                __interrupt_handler110
                0x0601438a                __interrupt_handler127
                0x06014318                __interrupt_handler108
                0x06014336                __interrupt_handler113
                0x06014348                __interrupt_handler116
                0x06014366                __interrupt_handler121
                0x0601425e                __interrupt_handler77
                0x0601417a                __interrupt_handler39
                0x06014192                __interrupt_handler43
                0x06014666                __interrupt_handler249
                0x060144a4                __interrupt_handler174
                0x060143c0                __interrupt_handler136
                0x060144f8                __interrupt_handler188
                0x060143f6                __interrupt_handler145
                0x060140c6                __interrupt_handler9
                0x0601426a                __interrupt_handler79
                0x060145e2                __interrupt_handler227
                0x0601415c                __interrupt_handler34
                0x0601439c                __interrupt_handler130
                0x0601465a                __interrupt_handler247
                0x06014252                __interrupt_handler75
                0x0601449e                __interrupt_handler173
                0x060141ce                __interrupt_handler53
                0x0601440e                __interrupt_handler149
                0x06014672                __interrupt_handler251
                0x06014606                __interrupt_handler233
                0x060140cc                __interrupt_handler10
                0x06014558                __interrupt_handler204
                0x0601427c                __interrupt_handler82
                0x06014282                __interrupt_handler83
                0x06014126                __interrupt_handler25
                0x06014642                __interrupt_handler243
                0x0601445c                __interrupt_handler162
                0x060141a4                __interrupt_handler46
                0x060144bc                __interrupt_handler178
                0x06014270                __interrupt_handler80
                0x06014204                __interrupt_handler62
                0x0601409c                __interrupt_handler2
                0x0601413e                __interrupt_handler29
                0x06014234                __interrupt_handler70
                0x0601431e                __interrupt_handler109
                0x06014408                __interrupt_handler148
                0x060142c4                __interrupt_handler94
                0x060145d0                __interrupt_handler224
                0x060142fa                __interrupt_handler103
                0x06014168                __interrupt_handler36
                0x06014384                __interrupt_handler126
                0x06014654                __interrupt_handler246
                0x060141da                __interrupt_handler55
                0x060140d8                __interrupt_handler12
                0x060141c8                __interrupt_handler52
                0x060144f2                __interrupt_handler187
                0x060143f0                __interrupt_handler144
                0x0601434e                __interrupt_handler117
                0x060140fc                __interrupt_handler18
                0x0601452e                __interrupt_handler197
                0x06014420                __interrupt_handler152
                0x06014354                __interrupt_handler118
                0x0601448c                __interrupt_handler170
                0x06014546                __interrupt_handler201
                0x060142d6                __interrupt_handler97
                0x06014462                __interrupt_handler163
                0x060144c8                __interrupt_handler180
                0x06014510                __interrupt_handler192
                0x06014630                __interrupt_handler240
                0x06014372                __interrupt_handler123
                0x06014594                __interrupt_handler214
                0x0601414a                __interrupt_handler31
                0x06014138                __interrupt_handler28
                0x06014222                __interrupt_handler67
                0x06014228                __interrupt_handler68
                0x06014114                __interrupt_handler22
                0x0601411a                __interrupt_handler23
                0x060144b0                __interrupt_handler176
                0x060140ba                __interrupt_handler7
                0x060145be                __interrupt_handler221
                0x060145a6                __interrupt_handler217
                0x060145ee                __interrupt_handler229
                0x060141b6                __interrupt_handler49
                0x060140a8                __interrupt_handler4
                0x06014180                __interrupt_handler40
                0x06014342                __interrupt_handler115
                0x06014612                __interrupt_handler235
                0x060142b2                __interrupt_handler91
                0x06014564                __interrupt_handler206
                0x060144b6                __interrupt_handler177
                0x06014402                __interrupt_handler147
                0x0601416e                __interrupt_handler37
                0x0601466c                __interrupt_handler250
                0x06014096                __interrupt_handler1
                0x060145b2                __interrupt_handler219
                0x06014258                __interrupt_handler76
                0x060142e8                __interrupt_handler100
                0x060141ec                __interrupt_handler58
                0x060140ea                __interrupt_handler15
                0x06014588                __interrupt_handler212
                0x06014636                __interrupt_handler241
                0x0601454c                __interrupt_handler202
                0x06014516                __interrupt_handler193
                0x06014264                __interrupt_handler78
                0x060141bc                __interrupt_handler50
                0x06014156                __interrupt_handler33
                0x06014474                __interrupt_handler166
                0x060143cc                __interrupt_handler138
                0x060143ba                __interrupt_handler135
                0x06014144                __interrupt_handler30
                0x060144e0                __interrupt_handler184
                0x060143de                __interrupt_handler141
                0x060145f4                __interrupt_handler230
                0x06014618                __interrupt_handler236
                0x0601435a                __interrupt_handler119
                0x06014294                __interrupt_handler86
                0x06014306                __interrupt_handler105
                0x06014276                __interrupt_handler81
                0x06014360                __interrupt_handler120
                0x06014390                __interrupt_handler128
                0x060141d4                __interrupt_handler54
                0x060140d2                __interrupt_handler11
                0x0601453a                __interrupt_handler199
                0x0601442c                __interrupt_handler154
                0x0601419e                __interrupt_handler45
                0x060145a0                __interrupt_handler216
                0x06014552                __interrupt_handler203
                0x060142ee                __interrupt_handler101
                0x06014288                __interrupt_handler84
                0x060144e6                __interrupt_handler185
                0x060143e4                __interrupt_handler142
                0x0601412c                __interrupt_handler26
                0x06014210                __interrupt_handler64
                0x06014540                __interrupt_handler200
                0x0601456a                __interrupt_handler207
                0x0601451c                __interrupt_handler194
                0x060142b8                __interrupt_handler92
                0x06014432                __interrupt_handler155
                0x06014582                __interrupt_handler211
                0x060143ae                __interrupt_handler133
                0x060140ae                __interrupt_handler5
                0x06014246                __interrupt_handler73
                0x060140f0                __interrupt_handler16
                0x0601462a                __interrupt_handler239
                0x0601460c                __interrupt_handler234
                0x06014162                __interrupt_handler35
                0x060141f2                __interrupt_handler59
                0x06014486                __interrupt_handler169
                0x060142dc                __interrupt_handler98
                0x0601423a                __interrupt_handler71
                0x060141c2                __interrupt_handler51
                0x0601444a                __interrupt_handler159
                0x060145dc                __interrupt_handler226
                0x060142d0                __interrupt_handler96
                0x06014504                __interrupt_handler190
                0x060145b8                __interrupt_handler220
                0x060140c0                __interrupt_handler8
                0x060144c2                __interrupt_handler179
                0x06014678                __interrupt_handler252
 *fill*         0x060146b4        0xc 00
 .text          0x060146c0     0x12a0 ../sbl6/segalib/lib/sega_spr.a(spr_2c.o)
                0x06015920                SlaveFlushDrawPrtyBlock
                0x060146c0                SPR_2Initial
                0x06014f04                SPR_2SysClip
                0x06014ea4                SPR_2LocalCoord
                0x0601579c                SPR_2FlushDrawPrtyBlock
                0x06015488                SPR_2DistSpr
                0x06014e8c                SPR_2FlushDrawPrty
                0x060155ac                SPR_2Cmd
                0x06014b88                SPR_2GourTblNoToVram
                0x06014be8                SPR_2GetAreaSizeInfo
                0x06014950                SPR_2SetGourTbl
                0x0601513c                SPR_2Polygon
                0x06014bc4                SPR_2CharNoToVram
                0x060148d0                SPR_2SetTvMode
                0x06014d2c                SPR_2CloseCommand
                0x0601490c                SPR_2FrameEraseData
                0x060146e8                SPR_2Initial2
                0x0601531c                SPR_2ScaleSpr
                0x06014fac                SPR_2Line
                0x06014c78                SPR_2OpenCommand
                0x060148ec                SPR_2FrameChgIntr
                0x060151f8                SPR_2NormSpr
                0x06014980                SPR_2SetLookupTbl
                0x060149b4                SPR_2SetChar
                0x06014bac                SPR_2LookupTblNoToVram
                0x06015080                SPR_2PolyLine
                0x06014b20                SPR_2ClrAllChar
                0x06014ad4                SPR_2ClrChar
                0x06014f50                SPR_2UserClip
 .text          0x06015960      0x1e6 ../sbl6/segalib/lib/sega_spr.a(spr_slv.o)
                0x06015ac4                SPR_WaitEndSlaveSH
                0x06015960                SPR_SMPC_SSHON
                0x06015aa0                SPR_RunSlaveSH
                0x06015964                SPR_InitSlaveSH
                0x06015a2c                SPR_SlaveSHmain
                0x06015961                SPR_SMPC_SSHOFF
 *fill*         0x06015b46        0xa 00
 .text          0x06015b50      0x36a ../sbl6/segalib/lib/sega_spr.a(spr_1c.o)
                0x06015e04                SPR_WaitDrawEnd
                0x06015e1c                SPR_SetEosMode
                0x06015d34                SPR_SetEraseData
                0x06015b50                SPR_Initial
                0x06015c28                SPR_SetTvMode
                0x06015cc0                SPR_GetStatus
 *fill*         0x06015eba        0x6 00
 .text          0x06015ec0      0x244 ../sbl6/segalib/lib/sega_spr.a(spr_2a.o)
                0x06015ed2                sprMemCpyW
                0x06015f30                flushDrawPrtyBlock
                0x06015ec0                sprMemCpyL
                0x06015ee4                SPR_2SetDrawPrty
 *fill*         0x06016104        0xc 00
 .text          0x06016110      0x2fc ../sbl6/segalib/lib/sega_scl.a(scl_vblv.o)
                0x060161cc                SCL_DisplayFrame
                0x06016110                SCL_SetFrameInterval
                0x06016200                SCL_VblInit
                0x06016250                SCL_VblankStart
                0x06016294                SCL_VblankEnd
 *fill*         0x0601640c        0x4 00
 .text          0x06016410      0xb9c ../sbl6/segalib/lib/sega_scl.a(scl_func.o)
                0x06016dec                SCL_Vdp2_SGLInit
                0x06016cfc                SCL_PriIntProc
                0x06016c74                SCL_Memcpyw
                0x06016f8c                SCL_SglOff
                0x06016f6c                SCL_SglOn
                0x06016be0                SCL_ScrollShow
                0x06016688                SCL_Close
                0x06016980                SCL_Scale
                0x06016410                SCL_Vdp2Init
                0x060167f4                SCL_Move
                0x06016abc                SCL_CopyReg
                0x06016664                SCL_Open
                0x06016494                SCL_ParametersInit
                0x060166a4                SCL_MoveTo
                0x06016c9c                SCL_SetColRamMode
 *fill*         0x06016fac        0x4 00
 .text          0x06016fb0      0x138 ../sbl6/segalib/lib/sega_scl.a(scl_pr03.o)
                0x06016fb0                SCL_FreeColRam
                0x06016fe8                SCL_AllocColRam
 *fill*         0x060170e8        0x8 00
 .text          0x060170f0       0x9c ../sbl6/segalib/lib/sega_scl.a(scl_pr02.o)
                0x060170f0                SCL_SetColRam
 *fill*         0x0601718c        0x4 00
 .text          0x06017190      0x1ec ../sbl6/segalib/lib/sega_scl.a(scl_fu01.o)
                0x06017190                SCL_SetDisplayMode
 *fill*         0x0601737c        0x4 00
 .text          0x06017380       0x84 ../sbl6/segalib/lib/sega_scl.a(scl_back.o)
                0x06017380                SCL_SetBack
 *fill*         0x06017404        0xc 00
 .text          0x06017410     0x1394 ../sbl6/segalib/lib/sega_scl.a(scl_ro00.o)
                0x060185fc                SCL_RotateZD
                0x060178c4                SCL_Rotate
                0x06017598                SCL_InitRotateTable
 *fill*         0x060187a4        0xc 00
 .text          0x060187b0      0x4f4 ../sbl6/segalib/lib/sega_scl.a(scl_fu02.o)
                0x060187e8                SCL_SetVramConfig
                0x060187b0                SCL_InitVramConfigTb
 *fill*         0x06018ca4        0xc 00
 .text          0x06018cb0      0x94c ../sbl6/segalib/lib/sega_scl.a(scl_fu03.o)
                0x06018d0c                SCL_SetConfig
                0x06018cb0                SCL_InitConfigTb
 *fill*         0x060195fc        0x4 00
 .text          0x06019600      0x214 ../sbl6/segalib/lib/sega_scl.a(scl_pr07.o)
                0x06019600                SCL_SetPriority
 *fill*         0x06019814        0xc 00
 .text          0x06019820       0x28 ../sbl6/segalib/lib/sega_scl.a(scl_fu04.o)
                0x06019820                SCL_SetCycleTable
 *fill*         0x06019848        0x8 00
 .text          0x06019850       0x58 ../sbl6/segalib/lib/sega_scl.a(scl_pr01.o)
                0x06019850                SCL_SetSpriteMode
 *fill*         0x060198a8        0x8 00
 .text          0x060198b0     0x10a4 ../sbl6/segalib/lib/sega_scl.a(scl_pri.o)
                0x06019944                SCL_AbortAutoVe
                0x0601a7f4                SCL_SetShadowBit
                0x06019dbc                SCL_AutoExec
                0x060198b0                SCL_PriorityInit
                0x0601a2d0                SCL_IncColOffset
                0x06019958                SCL_SetColMixRate
                0x06019928                SCL_GetColRamMode
 *fill*         0x0601a954        0xc 00
 .text          0x0601a960      0x1b4 ../sbl6/segalib/lib/sega_scl.a(scl_pr06.o)
                0x0601a960                SCL_SetColRamOffset
 *fill*         0x0601ab14        0xc 00
 .text          0x0601ab20       0xac ../sbl6/segalib/lib/sega_scl.a(scl_pr05.o)
                0x0601ab20                SCL_GetColRamOffset
 *fill*         0x0601abcc        0x4 00
 .text          0x0601abd0       0xa4 ../sbl6/segalib/lib/sega_mth.a(mth_fixd.o)
                0x0601ac20                MTH_FixedToInt
                0x0601ac10                MTH_IntToFixed
                0x0601abd0                MTH_Mul
                0x0601ac30                MTH_Product
                0x0601abf0                MTH_Div
 *fill*         0x0601ac74        0xc 00
 .text          0x0601ac80      0x600 ../sbl6/segalib/lib/sega_mth.a(mth_tri.o)
                0x0601ad1c                fcos
                0x0601ad22                fsin
                0x0601accc                MTH_Cos
                0x0601ac80                MTH_Sin
                0x0601aec0                MTH_Atan
 .text          0x0601b280      0x130 ../sbl6/segalib/lib/sega_cdc.a(cdc_drv.o)
                0x0601b280                CDC_CdPlay
                0x0601b34c                CDC_CdSeek
                0x0601b380                CDC_CdScan
 .text          0x0601b3b0      0x152 ../sbl6/segalib/lib/sega_cdc.a(cdc_sub.o)
                0x0601b458                CDSUB_GetCdstat
                0x0601b3c8                CDSUB_UpdCdstat
                0x0601b498                CDSUB_RspToCdstat
                0x0601b4e0                CDSUB_SoftTimer
                0x0601b3b0                CDSUB_UpdStatus
                0x0601b3e8                CDSUB_CdCmd
 *fill*         0x0601b502        0xe 00
 .text          0x0601b510      0x2dc ../sbl6/segalib/lib/sega_cdc.a(cdc_reg.o)
                0x0601b564                CDREG_ClrHirqReq
                0x0601b534                CDC_ClrHirqReq
                0x0601b5e4                CDREG_TgetData
                0x0601b5d4                CDC_GetMpegPtr
                0x0601b5b0                CDC_GetHirqMsk
                0x0601b510                CDC_GetDataPtr
                0x0601b520                CDC_GetHirqReq
                0x0601b740                CDREG_WaitHirq
                0x0601b5c4                CDC_SetHirqMsk
                0x0601b640                CDREG_CmdRsp
                0x0601b574                CDREG_InitHirqReq
                0x0601b59c                CDREG_SetHirqFlag
                0x0601b7b0                CDREG_ReadRsp
 *fill*         0x0601b7ec        0x4 00
 .text          0x0601b7f0      0x3a0 ../sbl6/segalib/lib/sega_cdc.a(cdc_cmn.o)
                0x0601b994                CDC_TgetToc
                0x0601bb38                CDC_DataEnd
                0x0601b858                CDC_GetPeriStat
                0x0601bacc                CDC_DataReady
                0x0601baa4                CDC_CdOpen
                0x0601ba20                CDC_CdInit
                0x0601b9e4                CDC_GetSes
                0x0601b840                CDC_GetLastStat
                0x0601b7f0                CDC_GetCurStat
                0x0601b92c                CDC_GetHwInfo
 .text          0x0601bb90      0xf50 ../sbl6/segalib/lib/sega_per.a(per_prt.o)
                0x0601bfb0                PER_IntFunc
                0x0601bda8                PER_LGetPer
                0x0601bb90                PER_LInit
 .text          0x0601cae0     0x1b04 ../sbl6/segalib/lib/sega_sat.a(gfs.o)
                0x0601cae0                gfs_version
                0x0601dd54                gfs_mngGetNumFile
                0x0601e4d4                gfs_closeSub
                0x0601d870                GFS_SetGmode
                0x0601db2c                GFS_SetErrFunc
                0x0601dc7c                gfs_mngSetupFuncTbl
                0x0601ce38                GFS_Reset
                0x0601dba4                gfs_chgRoot
                0x0601dc70                gfs_aborttrans
                0x0601df54                gfs_svrAddHndl
                0x0601de04                gfs_mngFreeGrp
                0x0601db7c                GFS_ConvTno
                0x0601e108                gfs_getRootDir
                0x0601db58                GFS_GetErrStat
                0x0601cfa8                GFS_Seek
                0x0601d614                GFS_NwStop
                0x0601de10                gfs_mngTermAccess
                0x0601cebc                GFS_Open
                0x0601ddbc                GFS_mngAllocGrp
                0x0601e51c                gfs_isTaskDone
                0x0601d314                GFS_Fread
                0x0601da74                GFS_StartTrans
                0x0601e470                gfs_GetFinfo
                0x0601dcb0                gfs_mngInitWork
                0x0601d100                GFS_ByteToSct
                0x0601df14                gfs_svrSearchHndl
                0x0601e204                gfs_loadRootDir
                0x0601cd5c                GFS_IdToName
                0x0601d458                GFS_NwFread
                0x0601d9a4                GFS_SetTransPara
                0x0601d564                GFS_NwCdRead
                0x0601e044                gfs_loadVol
                0x0601d940                GFS_SetReadPara
                0x0601d05c                GFS_Tell
                0x0601d8d4                GFS_SetTmode
                0x0601e3d8                GFS_GetFad
                0x0601da10                GFS_SetTrFunc
                0x0601dac0                GFS_CdMovePickup
                0x0601ccf8                GFS_NameToId
                0x0601d72c                GFS_NwExecOne
                0x0601e28c                gfs_flowIn
                0x0601d1b4                GFS_GetFileInfo
                0x0601e334                gfs_transData
                0x0601df90                gfs_svrRemoveHndl
                0x0601d5dc                GFS_NwIsComplete
                0x0601e510                gfs_getGmode
                0x0601d680                GFS_NwGetStat
                0x0601dfec                GFS_OpenSub
                0x0601cc90                GFS_SetDir
                0x0601d15c                GFS_GetFileSize
                0x0601d228                GFS_GetNumCdbuf
                0x0601e570                gfs_convFinStat
                0x0601d250                GFS_Load
                0x0601d3b0                gfs_waitRead
                0x0601cbe8                GFS_LoadDir
                0x0601cdc8                GFS_GetDirInfo
                0x0601cf70                GFS_Close
                0x0601cb00                GFS_Init
                0x0601d6fc                gfs_recovRdErr
                0x0601de94                gfs_mngSetErrCode
                0x0601d7ec                GFS_NwExecServer
                0x0601d0ac                GFS_IsEof
                0x0601e430                gfs_SetSct
 *fill*         0x0601e5e4        0xc 00
 .text          0x0601e5f0       0x90 ../sbl6/segalib/lib/sega_sat.a(DMA_CPU1.o)
                0x0601e5f0                DMA_CpuMemCopy1
 .text          0x0601e680       0x50 ../sbl6/segalib/lib/sega_sat.a(DMA_CPU5.o)
                0x0601e680                DMA_CpuResult
 .text          0x0601e6d0      0x1fc ../sbl6/segalib/lib/sega_sat.a(sys_exit.o)
                0x0601e6f0                SYS_Exit
                0x0601e6d0                sys_version
 *fill*         0x0601e8cc        0x4 00
 .text          0x0601e8d0      0x1f4 ../sbl6/segalib/lib/sega_sat.a(DMA_SCU1.o)
                0x0601ea2c                DMA_ScuResult
                0x0601e8d0                DMA_ScuInit
                0x0601e920                DMA_ScuMemCopy
 *fill*         0x0601eac4        0xc 00
 .text          0x0601ead0      0x8d4 ../sbl6/segalib/lib/sega_sat.a(gfs_cdf.o)
                0x0601efc4                GFCF_Seek
                0x0601f0cc                GFCF_GetStat
                0x0601efac                GFCF_Tell
                0x0601eb70                GFCF_Setup
                0x0601f078                GFCF_cnvIntlvOfs
                0x0601ead0                GFCF_Init
                0x0601ef64                GFCF_Recover
                0x0601ecb8                GFCF_SetSct
                0x0601efdc                GFCF_MovePickup
                0x0601f1a0                gfcf_isCdOk
                0x0601ed70                GFCF_FlowInBuf
                0x0601ecfc                GFCF_GetFileInfo
                0x0601eec4                GFCF_StopInBuf
                0x0601f164                gfcf_getSctSize
                0x0601f260                gfcf_getPlayRange
 *fill*         0x0601f3a4        0xc 00
 .text          0x0601f3b0      0x928 ../sbl6/segalib/lib/sega_sat.a(gfs_dir.o)
                0x0601f8a0                gfdr_setNextRec
                0x0601fc9c                gfdr_setDirrecCd
                0x0601f698                gfdr_open
                0x0601f4ac                GFDR_GetAtrDirId
                0x0601f780                gfdr_readByte
                0x0601f3b0                GFDR_SetupDirTbl
                0x0601f878                gfdr_readLongNM
                0x0601f924                gfdr_readDirEnt
                0x0601f4dc                GFDR_ChgRoot
                0x0601f424                GFDR_NameToId
                0x0601f568                gfdr_setupDirIdTbl
                0x0601f4c4                GFDR_GetAtrDirName
                0x0601f484                GFDR_GetInfoDirId
                0x0601f82c                gfdr_readLongNB
                0x0601f6c0                gfdr_read
                0x0601f7ac                gfdr_readWord
                0x0601f5ec                gfdr_setupDirNameTbl
                0x0601f498                GFDR_GetInfoDirName
                0x0601f4f4                GFDR_ChgDir
                0x0601f7d8                gfdr_readWordNB
 *fill*         0x0601fcd8        0x8 00
 .text          0x0601fce0      0xa46 ../sbl6/segalib/lib/sega_sat.a(gfs_trn.o)
                0x0601fdc0                GFTR_SetTransMax
                0x06020190                gftr_execScu
                0x06020714                GFTR_SetTransFunc
                0x060205dc                gftr_remTrn
                0x06020700                GFTR_SetData
                0x06020400                gftr_execSdma1
                0x06020650                gftr_copyFrac
                0x0601fdb4                GFTR_GetNumTrans
                0x0601fd54                GFTR_SetMode
                0x060203d0                gftr_remDma0
                0x06020678                GFTR_GetLenData
                0x06020184                gftr_reqScu
                0x060203e8                gftr_reqDma1
                0x060200a0                gftr_getSrcPack
                0x060206d0                GFTR_RtnDstPk
                0x0602026c                gfdma_exec
                0x06020504                gftr_execTrn
                0x0601ff98                GFTR_ExecSvr
                0x06020494                gftr_reqTrn
                0x0602035c                gfdma_getBytecnt
                0x0602043c                gftr_reqCpu
                0x0602069c                GFTR_GetDstPack
                0x06020394                gftr_reqDma0
                0x0601ff20                GFTR_Idle
                0x0601fdd8                GFTR_Pause
                0x0601fda8                GFTR_GetTransPara
                0x06020488                gftr_remCpu
                0x0601fd74                GFTR_SetTransPara
                0x06020424                gftr_remDma1
                0x0601fde4                GFTR_Stop
                0x060203ac                gftr_execSdma0
                0x0601fd10                GFTR_Setup
                0x0602022c                gftr_remScu
                0x06020128                gftr_getDstPack
                0x06020260                gfdma_canUse
                0x0601fe9c                GFTR_Exec
                0x060206ec                GFTR_GetData
                0x0601fdcc                GFTR_Start
                0x0601fd68                GFTR_SetUnit
                0x06020448                gftr_execCpu
                0x06020684                GFTR_GetLenRoom
 *fill*         0x06020726        0xa 00
 .text          0x06020730      0x106 ../sbl6/segalib/lib/sega_sat.a(gfs_buf.o)
                0x06020788                GFBF_GetNumData
                0x06020804                GFBF_RtnPk
                0x060207b8                GFBF_GetSrcPk
                0x0602082c                gfbf_getSctDt
                0x06020760                GFBF_GetTranData
                0x060207e0                GFBF_GetSctData
 *fill*         0x06020836        0xa 00
 .text          0x06020840      0x600 ../sbl6/segalib/lib/sega_sat.a(gfs_cdb.o)
                0x06020de8                GFCB_GetPickup
                0x06020960                GFCB_Close
                0x06020c2c                GFCB_GetSrcPack
                0x06020db4                GFCB_SetCon
                0x06020a34                GFCB_GetLenRoom
                0x06020d98                GFCB_MovePickup
                0x06020d0c                GFCB_GetSctData
                0x06020a40                GFCB_SetFilt
                0x06020988                GFCB_GetLenData
                0x06020e28                GFCB_UngetPickup
                0x06020840                GFCB_Setup
                0x06020ad0                GFCB_Tell
                0x06020e10                GFCB_IsPuOwner
                0x06020b30                GFCB_Seek
                0x06020aa8                GFCB_DeleteAllData
                0x06020d44                GFCB_GetDstPack
                0x06020ae0                gfcb_getSctNum
                0x06020d50                GFCB_RtnPk
 .text          0x06020e40     0x1a04 ../sbl6/segalib/lib/sega_sat.a(gfs_cdc.o)
                0x060210dc                GFCD_AllocBuf
                0x06021eb8                gfcd_doGetLenDataTsk
                0x06022754                GFCD_SetCsctFunc
                0x060211b4                GFCD_GetBaseFad
                0x06021330                GFCD_GetFilt
                0x06022344                gfcd_doChgDirTsk
                0x06022684                gfcd_checkEflag
                0x06021678                GFCD_MovePickup
                0x0602175c                GFCD_GetSctInfo
                0x0602200c                gfcd_doReqDataTsk
                0x060217a4                GFCD_ChgDir
                0x06021498                GFCD_ReqData
                0x06022770                GFCD_ChkScdqFlag
                0x06021c28                GFCD_WaitServer
                0x0602153c                GFCD_DelSctData
                0x06021a14                GFCD_ExecServer
                0x06021e28                gfcd_doSetConTsk
                0x06021070                GFCD_AllocFilt
                0x0602126c                GFCD_SetFilt
                0x06021c64                gfcd_doSetFiltTsk
                0x06022794                GFCD_ClrScdqFlag
                0x060220ac                gfcd_doDelSctDataTsk
                0x06021b70                gfcd_doTask
                0x060211e8                GFCD_GetPickup
                0x06021738                GFCD_CheckMove
                0x060227b0                GFCD_WaitScdqFlag
                0x060213d0                GFCD_Play
                0x060221e0                gfcd_doMoveSctTsk
                0x06021378                GFCD_SetCon
                0x06021818                GFCD_SetFiltCon
                0x060227f4                GFCD_WaitPause
                0x060219dc                GFCD_GetBufSiz
                0x0602121c                GFCD_UngetPickup
                0x06021900                GFCD_GetFileInfo
                0x060214f4                GFCD_EndData
                0x06021110                GFCD_FreeBuf
                0x06021430                GFCD_GetLenData
                0x060210ac                GFCD_FreeFilt
                0x06021ae8                gfcd_isIdleTask
                0x06020e6c                GFCD_Init
                0x06022540                gfcd_doSetFiltConTsk
                0x060215c4                GFCD_GetStat
                0x060216c4                GFCD_MoveSctData
                0x06021248                GFCD_IsPuOwner
                0x060226a8                gfcd_initCdbMng
                0x06020e40                GFCD_SetCdbfs
                0x06021c14                GFCD_SetTimer
                0x06022728                gfcd_setStat
                0x06021594                GFCD_CheckDelSctData
 *fill*         0x06022844        0xc 00
 .text          0x06022850      0x1b6 ../sbl6/segalib/lib/sega_sat.a(DMA_CPU0.o)
                0x06022898                DMA_CpuSetPrm
                0x0602299c                DMA_CpuStart
                0x060229f4                DMA_CpuGetStatus
                0x060229c8                DMA_CpuAllStop
                0x060229dc                DMA_CpuGetComStatus
                0x06022850                DMA_CpuSetComPrm
                0x060229b0                DMA_CpuStop
 *fill*         0x06022a06        0xa 00
 .text          0x06022a10       0xe8 ../sbl6/segalib/lib/sega_sat.a(csh_main.o)
                0x06022a10                CSH_Init
                0x06022a78                CSH_AllClr
                0x06022ac4                CSH_Purge
 *fill*         0x06022af8        0x8 00
 .text          0x06022b00      0x194 ../sbl6/segalib/lib/sega_sat.a(cdc_cfs.o)
                0x06022b00                CDC_ChgDir
                0x06022b34                CDC_ReadDir
                0x06022c58                CDC_AbortFile
                0x06022b68                CDC_GetFileScope
                0x06022bc8                CDC_TgetFileInfo
                0x06022c24                CDC_ReadFile
 *fill*         0x06022c94        0xc 00
 .text          0x06022ca0      0x308 ../sbl6/segalib/lib/sega_sat.a(DMA_SCU0.o)
                0x06022d24                DMA_ScuStart
                0x06022e58                DMA_ScuIntFunc0
                0x06022ec8                DMA_ScuIntFunc1
                0x06022f38                DMA_ScuIntFunc2
                0x06022e18                DMA_ScuGetStatus
                0x06022ca0                DMA_ScuSetPrm
 *fill*         0x06022fa8        0x8 00
 .text          0x06022fb0      0x1e4 ../sbl6/segalib/lib/sega_sat.a(cdc_bio.o)
                0x0602305c                CDC_GetdelSctData
                0x06022fe4                CDC_GetSctData
                0x06023098                CDC_PutSctData
                0x06023114                CDC_MoveSctData
                0x06023158                CDC_GetCopyErr
                0x06023020                CDC_DelSctData
                0x06022fb0                CDC_SetSctLen
                0x060230d0                CDC_CopySctData
 *fill*         0x06023194        0xc 00
 .text          0x060231a0      0x2b8 ../sbl6/segalib/lib/sega_sat.a(cdc_sel.o)
                0x060233d0                CDC_GetFiltCon
                0x0602334c                CDC_GetFiltMode
                0x06023424                CDC_ResetSelector
                0x060231a0                CDC_SetFiltRange
                0x0602322c                CDC_SetFiltSubh
                0x0602329c                CDC_GetFiltSubh
                0x060231d4                CDC_GetFiltRange
                0x06023318                CDC_SetFiltMode
                0x06023390                CDC_SetFiltCon
 *fill*         0x06023458        0x8 00
 .text          0x06023460      0x270 ../sbl6/segalib/lib/sega_sat.a(cdc_bif.o)
                0x060234bc                CDC_GetSctNum
                0x0602363c                CDC_ExeFadSearch
                0x060235bc                CDC_GetSctInfo
                0x06023500                CDC_CalActSiz
                0x06023460                CDC_GetBufSiz
                0x0602353c                CDC_GetActSiz
                0x06023674                CDC_GetFadSearch
 .text          0x060236d0       0xa8 ../sbl6/segalib/lib/sega_sat.a(cdc_dev.o)
                0x0602373c                CDC_CdGetLastBuf
                0x060236d0                CDC_CdSetCon
                0x06023700                CDC_CdGetCon
 *fill*         0x06023778        0x8 00
 .text          0x06023780       0x60 C:/Saturn/SH_COFF/sh-coff/bin/../lib/gcc/sh-coff/3.4-GNUSH_v0501\libgcc.a(_ashiftrt.o)
                0x0602378c                __ashiftrt_r4_27
                0x060237c0                __ashiftrt_r4_6
                0x060237b0                __ashiftrt_r4_14
                0x060237a2                __ashiftrt_r4_19
                0x060237ba                __ashiftrt_r4_9
                0x060237ce                __ashiftrt_r4_0
                0x06023780                __ashiftrt_r4_31
                0x0602378e                __ashiftrt_r4_26
                0x0602379c                __ashiftrt_r4_22
                0x060237a8                __ashiftrt_r4_16
                0x060237b4                __ashiftrt_r4_12
                0x06023788                __ashiftrt_r4_29
                0x060237a6                __ashiftrt_r4_17
                0x06023786                __ashiftrt_r4_30
                0x060237c2                __ashiftrt_r4_5
                0x060237bc                __ashiftrt_r4_8
                0x06023780                __ashiftrt_r4_32
                0x06023790                __ashiftrt_r4_25
                0x060237c8                __ashiftrt_r4_2
                0x06023792                __ashiftrt_r4_24
                0x060237ae                __ashiftrt_r4_15
                0x060237b8                __ashiftrt_r4_10
                0x060237ca                __ashiftrt_r4_1
                0x0602378a                __ashiftrt_r4_28
                0x060237a0                __ashiftrt_r4_20
                0x060237be                __ashiftrt_r4_7
                0x060237b2                __ashiftrt_r4_13
                0x060237b6                __ashiftrt_r4_11
                0x060237c4                __ashiftrt_r4_4
                0x0602379a                __ashiftrt_r4_23
                0x060237a4                __ashiftrt_r4_18
                0x0602379e                __ashiftrt_r4_21
                0x060237c6                __ashiftrt_r4_3
 .text          0x060237e0       0xa0 C:/Saturn/SH_COFF/sh-coff/bin/../lib/gcc/sh-coff/3.4-GNUSH_v0501\libgcc.a(_sdivsi3.o)
                0x060237e0                __sdivsi3
 .text          0x06023880       0x90 C:/Saturn/SH_COFF/sh-coff/bin/../lib/gcc/sh-coff/3.4-GNUSH_v0501\libgcc.a(_ashiftrt_n.o)
                0x06023880                __ashrsi3
 .text          0x06023910       0xb0 C:/Saturn/SH_COFF/sh-coff/bin/../lib/gcc/sh-coff/3.4-GNUSH_v0501\libgcc.a(_movstr.o)
                0x06023950                __movstrSI16
                0x06023924                __movstrSI60
                0x06023930                __movstrSI48
                0x0602392c                __movstrSI52
                0x06023920                __movstrSI64
                0x06023934                __movstrSI44
                0x06023938                __movstrSI40
                0x0602393c                __movstrSI36
                0x06023970                __movstr
                0x06023928                __movstrSI56
                0x06023944                __movstrSI28
                0x06023940                __movstrSI32
                0x06023954                __movstrSI12
                0x06023958                __movstrSI8
                0x06023960                __movstrSI0
                0x06023948                __movstrSI24
                0x0602394c                __movstrSI20
                0x0602395c                __movstrSI4
 .text          0x060239c0       0xb0 C:/Saturn/SH_COFF/sh-coff/bin/../lib/gcc/sh-coff/3.4-GNUSH_v0501\libgcc.a(_si_to_df.o)
                0x060239c0                __floatsidf
 .text          0x06023a70      0x2e0 C:/Saturn/SH_COFF/sh-coff/bin/../lib/gcc/sh-coff/3.4-GNUSH_v0501\libgcc.a(_mul_df.o)
                0x06023a80                __muldf3
 .text          0x06023d50       0x80 C:/Saturn/SH_COFF/sh-coff/bin/../lib/gcc/sh-coff/3.4-GNUSH_v0501\libgcc.a(_df_to_si.o)
                0x06023d50                __fixdfsi
 .text          0x06023dd0       0xa0 C:/Saturn/SH_COFF/sh-coff/bin/../lib/gcc/sh-coff/3.4-GNUSH_v0501\libgcc.a(__main.o)
                0x06023e44                __main
                0x06023dd0                __do_global_dtors
                0x06023e04                __do_global_ctors
 .text          0x06023e70       0x70 C:/Saturn/SH_COFF/sh-coff/bin/../lib/gcc/sh-coff/3.4-GNUSH_v0501\libgcc.a(_udivsi3.o)
                0x06023e92                __udivsi3
 .text          0x06023ee0       0x90 C:/Saturn/SH_COFF/sh-coff/bin/../lib/gcc/sh-coff/3.4-GNUSH_v0501\libgcc.a(_ashiftlt.o)
                0x06023ee0                __ashlsi3
 .text          0x06023f70      0x220 C:/Saturn/SH_COFF/sh-coff/bin/../lib/gcc/sh-coff/3.4-GNUSH_v0501\libgcc.a(_pack_df.o)
                0x06023f80                __pack_d
 .text          0x06024190      0x120 C:/Saturn/SH_COFF/sh-coff/bin/../lib/gcc/sh-coff/3.4-GNUSH_v0501\libgcc.a(_unpack_df.o)
                0x060241a0                __unpack_d
 .text          0x060242b0       0x20 C:/Saturn/SH_COFF/sh-coff/bin/../lib/gcc/sh-coff/3.4-GNUSH_v0501\libgcc.a(_thenan_df.o)
                0x060242b0                __thenan_df
 .text          0x060242d0       0xd0 C:/Saturn/SH_COFF/sh-coff/bin/../lib/gcc/sh-coff/3.4-GNUSH_v0501\libgcc.a(_muldi3.o)
                0x060242d0                __muldi3
 .text          0x060243a0       0x80 C:/Saturn/SH_COFF/sh-coff/bin/../lib/gcc/sh-coff/3.4-GNUSH_v0501\libgcc.a(_lshrdi3.o)
                0x060243a0                __lshrdi3
 .text          0x06024420       0x80 C:/Saturn/SH_COFF/sh-coff/bin/../lib/gcc/sh-coff/3.4-GNUSH_v0501\libgcc.a(_ashldi3.o)
                0x06024420                __ashldi3
 .text          0x060244a0       0x30 C:/Saturn/SH_COFF/sh-coff/bin/../lib/gcc/sh-coff/3.4-GNUSH_v0501\libgcc.a(_mulsi3.o)
                0x060244a0                __mulsi3
 .text          0x060244d0       0x90 C:/Saturn/SH_COFF/sh-coff/bin/../lib/gcc/sh-coff/3.4-GNUSH_v0501\libgcc.a(_lshiftrt.o)
                0x060244d0                __lshrsi3
 .text          0x06024560       0xa0 C:/Saturn/SH_COFF/sh-coff/bin/../lib/gcc/sh-coff/3.4-GNUSH_v0501/../../../../sh-coff/lib\libc.a(memcpy.o)
                0x06024560                memcpy
 .text          0x06024600       0x40 C:/Saturn/SH_COFF/sh-coff/bin/../lib/gcc/sh-coff/3.4-GNUSH_v0501/../../../../sh-coff/lib\libc.a(memset.o)
                0x06024600                memset
 .text          0x06024640       0x60 C:/Saturn/SH_COFF/sh-coff/bin/../lib/gcc/sh-coff/3.4-GNUSH_v0501/../../../../sh-coff/lib\libc.a(memcmp.o)
                0x06024640                memcmp
 .text          0x060246a0       0xb0 C:/Saturn/SH_COFF/sh-coff/bin/../lib/gcc/sh-coff/3.4-GNUSH_v0501/../../../../sh-coff/lib\libc.a(strncmp.o)
                0x060246a0                strncmp
 .text          0x06024750       0xa0 C:/Saturn/SH_COFF/sh-coff/bin/../lib/gcc/sh-coff/3.4-GNUSH_v0501/../../../../sh-coff/lib\libc.a(strncpy.o)
                0x06024750                strncpy
 .text          0x060247f0       0x90 C:/Saturn/SH_COFF/sh-coff/bin/../lib/gcc/sh-coff/3.4-GNUSH_v0501/../../../../sh-coff/lib\libc.a(atexit.o)
                0x060247f0                atexit
 .text          0x06024880       0x10 C:/Saturn/SH_COFF/sh-coff/bin/../lib/gcc/sh-coff/3.4-GNUSH_v0501/../../../../sh-coff/lib\libc.a(impure.o)
                0x06024880                _global_impure_ptr
 .text          0x06024890       0x40 C:/Saturn/SH_COFF/sh-coff/bin/../lib/gcc/sh-coff/3.4-GNUSH_v0501/../../../../sh-coff/lib\libc.a(malloc.o)
                0x060248ac                free
                0x06024890                malloc
 .text          0x060248d0      0x5b0 C:/Saturn/SH_COFF/sh-coff/bin/../lib/gcc/sh-coff/3.4-GNUSH_v0501/../../../../sh-coff/lib\libc.a(mallocr.o)
                0x060248d0                _malloc_r
 .text          0x06024e80      0x340 C:/Saturn/SH_COFF/sh-coff/bin/../lib/gcc/sh-coff/3.4-GNUSH_v0501/../../../../sh-coff/lib\libc.a(freer.o)
                0x06024e80                _malloc_trim_r
                0x06024f74                _free_r
 .text          0x060251c0       0x20 C:/Saturn/SH_COFF/sh-coff/bin/../lib/gcc/sh-coff/3.4-GNUSH_v0501/../../../../sh-coff/lib\libc.a(mlock.o)
                0x060251c0                __malloc_lock
                0x060251cc                __malloc_unlock
 .text          0x060251e0       0x50 C:/Saturn/SH_COFF/sh-coff/bin/../lib/gcc/sh-coff/3.4-GNUSH_v0501/../../../../sh-coff/lib\libc.a(sbrkr.o)
                0x060251e0                _sbrk_r
 .text          0x06025230      0x380 C:/Saturn/SH_COFF/sh-coff/bin/../lib/gcc/sh-coff/3.4-GNUSH_v0501/../../../../sh-coff/lib\libc.a(syscalls.o)
                0x0602539c                _exit
                0x060253d0                _getpid
                0x06025438                _utime
                0x06025268                _write
                0x06025230                _read
                0x06025384                _unlink
                0x0602534c                _open
                0x060253e8                _stat
                0x06025390                isatty
                0x06025468                _wait
                0x060253b4                _kill
                0x06025404                _chmod
                0x06025498                _execv
                0x0602547c                _execve
                0x06025574                __setup_argv_and_call_main
                0x060254d0                _gettimeofday
                0x0602529c                _link
                0x060253dc                _raise
                0x06025368                _creat
                0x060254b0                _pipe
                0x0602541c                _chown
                0x0602524c                _lseek
                0x06025284                _close
                0x060254c4                _times
                0x06025338                _fstat
                0x06025454                _fork
                0x060252c4                _sbrk
 .text          0x060255b0       0x20 C:/Saturn/SH_COFF/sh-coff/bin/../lib/gcc/sh-coff/3.4-GNUSH_v0501/../../../../sh-coff/lib\libc.a(trap.o)
                0x060255b0                __trap34
 .text          0x060255d0       0x20 C:/Saturn/SH_COFF/sh-coff/bin/../lib/gcc/sh-coff/3.4-GNUSH_v0501/../../../../sh-coff/lib\libc.a(abort.o)
                0x060255d0                abort
 .text          0x060255f0      0x270 C:/Saturn/SH_COFF/sh-coff/bin/../lib/gcc/sh-coff/3.4-GNUSH_v0501/../../../../sh-coff/lib\libc.a(signal.o)
                0x060256b0                _raise_r
                0x06025838                __sigtramp
                0x060257e4                raise
                0x06025820                _init_signal
                0x06025770                __sigtramp_r
                0x06025800                signal
                0x0602563c                _signal_r
                0x060255f0                _init_signal_r
 .text          0x06025860       0x60 C:/Saturn/SH_COFF/sh-coff/bin/../lib/gcc/sh-coff/3.4-GNUSH_v0501/../../../../sh-coff/lib\libc.a(signalr.o)
                0x060258a8                _getpid_r
                0x06025860                _kill_r
 *(.strings)

.tors           0x060258c0        0x0
                0x060258c0                ___ctors = .
 *(.ctors)
                0x060258c0                ___ctors_end = .
                0x060258c0                ___dtors = .
 *(.dtors)
                0x060258c0                ___dtors_end = .

.data           0x060258c0     0x1950
                0x060258c0                STARTOF_R = .
 *(.data)
 .data          0x060258c0      0x400 ../sbl6/segasmp/per/smpclib/per_x1.o
 .data          0x06025cc0      0x640 graphics.o
                0x060261ee                cave_num
                0x06025df0                volcano_name
                0x060262ac                owmap_pal
                0x06025f38                mcave_pal
                0x06025e40                tower_name
                0x06025ee8                sshrine_num
                0x06025f84                marsh_pal
                0x06025d0c                bsprite_height
                0x06026254                owsprite_num
                0x06026252                owsprite_size
                0x060262ec                owmap_name
                0x06025dfc                volcano_num
                0x0602624e                owsprite_height
                0x06025da4                water_name
                0x06025f78                mcave_name
                0x06025edc                sshrine_name
                0x06025d64                water_pal
                0x0602601c                icave_pal
                0x06025db0                volcano_pal
                0x06025e00                tower_pal
                0x060262a2                font_height
                0x06025d14                waterfall_pal
                0x06025eec                river_pal
                0x060260f8                castle_name
                0x06025f2c                river_name
                0x06026200                owsprite_pal
                0x06025fd0                ecave_pal
                0x06025d12                bsprite_num
                0x060261a2                grass_num
                0x06025d62                waterfall_num
                0x06025e4a                tower_num
                0x06025d54                waterfall_name
                0x06026298                font_name
                0x06025cc0                bsprite_pal
                0x0602605c                icave_name
                0x06026240                owsprite_name
                0x06026154                forest_num
                0x06026010                ecave_name
                0x060262a4                font_width
                0x06025f36                river_num
                0x0602601a                ecave_num
                0x06026108                forest_pal
                0x06026250                owsprite_width
                0x06026066                icave_num
                0x06025fc4                marsh_name
                0x060262f6                owmap_num
                0x060262a8                font_num
                0x06026258                font_pal
                0x060261f0                bMap_name
                0x06026148                forest_name
                0x060261fc                bMap_width
                0x06026198                grass_name
                0x06025dae                water_num
                0x06026104                castle_num
                0x06026158                grass_pal
                0x060262a6                font_size
                0x06025e8c                temple_name
                0x060260b4                desert_num
                0x06025e4c                temple_pal
                0x060261fa                bMap_height
                0x060260a8                desert_name
                0x06026068                desert_pal
                0x060260b8                castle_pal
                0x06025f82                mcave_num
                0x06025e98                temple_num
                0x060261e4                cave_name
                0x06025d10                bsprite_size
                0x060261a4                cave_pal
                0x06025d00                bsprite_name
                0x06025d0e                bsprite_width
                0x06025fce                marsh_num
                0x06025e9c                sshrine_pal
 .data          0x06026300       0x10 pcmsys.o
                0x06026304                scsp_load
                0x06026308                m68k_com
                0x06026300                master_volume
 .data          0x06026310       0x10 overworld.o
                0x06026314                battleStep
                0x06026310                battleCount
 .data          0x06026320       0x10 player.o
                0x06026328                vehicle
                0x06026320                MIRROR_ANIM_2
                0x06026322                MIRROR_ANIM_1
                0x06026324                forest
 .data          0x06026330       0x30 sprite.o
 .data          0x06026360      0x210 scroll.o
                0x06026470                x_cords
                0x06026360                vram
                0x06026370                y_cords
 .data          0x06026570       0x30 static.o
                0x06026584                static_screen_vram
                0x06026570                CycleTb
                0x06026580                lwram_ptr
 .data          0x060265a0      0x400 ../sbl6/segalib/lib/sega_int.a(int.o)
 .data          0x060269a0       0x1c ../sbl6/segalib/lib/sega_spr.a(spr_slv.o)
                0x060269a8                SPR_SlaveParam
                0x060269b8                SPR_SMPC_SF
                0x060269b0                SPR_SMPC_COM
                0x060269ac                SPR_SlaveSHEntry
                0x060269a4                SPR_SlaveState
                0x060269a0                SPR_SlaveCommand
                0x060269b4                SPR_SMPC_RET
 *fill*         0x060269bc        0x4 00
 .data          0x060269c0       0x34 ../sbl6/segalib/lib/sega_spr.a(spr_1c.o)
                0x060269c0                SpInitialFlag
 *fill*         0x060269f4        0xc 00
 .data          0x06026a00       0x1c ../sbl6/segalib/lib/sega_scl.a(scl_vblv.o)
                0x06026a08                VBInterval
                0x06026a10                ReqDisplayFlag
                0x06026a00                SpFrameChgMode
                0x06026a0c                VBIntervalCounter
                0x06026a04                SpFrameEraseMode
 *fill*         0x06026a1c        0x4 00
 .data          0x06026a20       0x36 ../sbl6/segalib/lib/sega_scl.a(scl_func.o)
                0x06026a30                SclRotregBuff
                0x06026a2c                SclDisplayY
                0x06026a34                SclRotateTableMode
                0x06026a28                SclProcess
                0x06026a24                SclCurSclNum
                0x06026a20                SclLengthLsTbl
                0x06026a2a                SclDisplayX
                0x06026a22                SclLengthCsTbl
 *fill*         0x06026a56        0xa 00
 .data          0x06026a60       0x18 ../sbl6/segalib/lib/sega_scl.a(scl_pri.o)
                0x06026a64                SclRealSpPriNum
                0x06026a74                SclRealColOffset
                0x06026a70                SclRealBgColMix
                0x06026a6c                SclRealSpColMix
                0x06026a68                SclRealBgPriNum
                0x06026a60                SclRealOtherPri
 *fill*         0x06026a78        0x8 00
 .data          0x06026a80      0x380 C:/Saturn/SH_COFF/sh-coff/bin/../lib/gcc/sh-coff/3.4-GNUSH_v0501/../../../../sh-coff/lib\libc.a(impure.o)
                0x06026dfc                _impure_ptr
 .data          0x06026e00      0x410 C:/Saturn/SH_COFF/sh-coff/bin/../lib/gcc/sh-coff/3.4-GNUSH_v0501/../../../../sh-coff/lib\libc.a(mallocr.o)
                0x06026e08                __malloc_av_
                0x06026e04                __malloc_trim_threshold
                0x06026e00                __malloc_sbrk_base
                0x06027210                SIZEOF_R = (. - STARTOF_R)
                0x06027210                ENDOF_R = .

.bss            0x06027210    0x2cbe4
                0x06027210                STARTOF_B = .
 *(.bss)
 .bss           0x06027210       0x10 vblank.o
                0x06027214                PadData2E
                0x0602721a                PadData1
                0x06027216                PadData2
                0x06027218                PadData1E
                0x06027210                __port
 .bss           0x06027220       0xd0 ../sbl6/segasmp/per/smpclib/per_x2.o
 .bss           0x060272f0       0x10 pcmsys.o
                0x060272f0                numberPCMs
 .bss           0x06027300       0x10 overworld.o
                0x06027300                negative
 .bss           0x06027310       0x10 player.o
                0x06027318                direction
                0x0602731c                changeToBat
                0x06027310                currentBattleState
                0x0602731d                totalMovement
                0x06027314                currentChar
                0x0602731e                isMoving
 .bss           0x06027320     0x3d00 sprite.o
                0x06027320                num_sprites
 .bss           0x0602b020       0x50 scroll.o
                0x0602b03c                map_tiles_x
                0x0602b044                scrolls_y
                0x0602b020                scroll_transition_state
                0x0602b024                scroll_ysize
                0x0602b034                map_tiles_y
                0x0602b02c                copy_modes
                0x0602b054                scrolls_x
                0x0602b028                scroll_xsize
 .bss           0x0602b070       0x10 main.o
                0x0602b070                frame
 .bss           0x0602b080       0x6e ../sbl6/segalib/lib/sega_spr.a(spr_2c.o)
 *fill*         0x0602b0ee        0x2 00
 .bss           0x0602b0f0        0x4 ../sbl6/segalib/lib/sega_scl.a(scl_vblv.o)
 *fill*         0x0602b0f4        0xc 00
 .bss           0x0602b100        0x4 ../sbl6/segalib/lib/sega_scl.a(scl_func.o)
 *fill*         0x0602b104        0xc 00
 .bss           0x0602b110       0x48 ../sbl6/segalib/lib/sega_scl.a(scl_ro00.o)
 *fill*         0x0602b158        0x8 00
 .bss           0x0602b160        0xc ../sbl6/segalib/lib/sega_cdc.a(cdc_sub.o)
 *fill*         0x0602b16c        0x4 00
 .bss           0x0602b170        0x2 ../sbl6/segalib/lib/sega_cdc.a(cdc_reg.o)
 *fill*         0x0602b172        0xe 00
 .bss           0x0602b180       0x9c ../sbl6/segalib/lib/sega_per.a(per_prt.o)
 *fill*         0x0602b21c        0x4 00
 .bss           0x0602b220        0x4 ../sbl6/segalib/lib/sega_sat.a(sys_exit.o)
 *fill*         0x0602b224        0xc 00
 .bss           0x0602b230        0xc ../sbl6/segalib/lib/sega_sat.a(DMA_SCU1.o)
 *fill*         0x0602b23c        0x4 00
 .bss           0x0602b240        0xc ../sbl6/segalib/lib/sega_sat.a(gfs_trn.o)
 *fill*         0x0602b24c        0x4 00
 .bss           0x0602b250       0x20 ../sbl6/segalib/lib/sega_sat.a(DMA_SCU0.o)
 .bss           0x0602b270       0x10 C:/Saturn/SH_COFF/sh-coff/bin/../lib/gcc/sh-coff/3.4-GNUSH_v0501\libgcc.a(__main.o)
 .bss           0x0602b280       0x10 C:/Saturn/SH_COFF/sh-coff/bin/../lib/gcc/sh-coff/3.4-GNUSH_v0501/../../../../sh-coff/lib\libc.a(atexit.o)
 .bss           0x0602b290       0x40 C:/Saturn/SH_COFF/sh-coff/bin/../lib/gcc/sh-coff/3.4-GNUSH_v0501/../../../../sh-coff/lib\libc.a(mallocr.o)
                0x0602b2c0                __malloc_top_pad
                0x0602b290                __malloc_current_mallinfo
                0x0602b2bc                __malloc_max_sbrked_mem
                0x0602b2b8                __malloc_max_total_mem
 .bss           0x0602b2d0       0x10 C:/Saturn/SH_COFF/sh-coff/bin/../lib/gcc/sh-coff/3.4-GNUSH_v0501/../../../../sh-coff/lib\libc.a(syscalls.o)
 *(COMMON)
 COMMON         0x0602b2e0        0x4 vblank.o
                                  0x0 (size before relaxing)
                0x0602b2e0                scrollEnable
 *fill*         0x0602b2e4        0xc 00
 COMMON         0x0602b2f0     0x1674 cd.o
                                  0x0 (size before relaxing)
                0x0602b2f0                dirname
                0x0602bc50                lib_work
                0x0602c958                directory_table
 *fill*         0x0602c964        0xc 00
 COMMON         0x0602c970    0x20800 overworld.o
                                  0x0 (size before relaxing)
                0x0602c970                mapPlane
                0x0602d170                decompressedMap
 COMMON         0x0604d170       0x84 battle.o
                                  0x0 (size before relaxing)
                0x0604d170                battle
                0x0604d190                enemies
 *fill*         0x0604d1f4        0xc 00
 COMMON         0x0604d200      0x318 player.o
                                  0x0 (size before relaxing)
                0x0604d200                current_x_pos
                0x0604d210                player
                0x0604d250                party
                0x0604d3d0                playerb
                0x0604d408                current_y_pos
                0x0604d40c                state
                0x0604d410                currentBackDrop
                0x0604d420                playerBat3
                0x0604d460                playerBat2
                0x0604d4a0                playerBat4
                0x0604d4e0                playerBat1
 *fill*         0x0604d518        0x8 00
 COMMON         0x0604d520      0x8c0 print.o
                                  0x0 (size before relaxing)
                0x0604d520                text
 COMMON         0x0604dde0     0x4460 sprite.o
                                  0x0 (size before relaxing)
                0x0604dde0                sprites
                0x0604e240                image_buf
 COMMON         0x06052240       0x98 scroll.o
                                  0x0 (size before relaxing)
                0x06052240                Rbg0Scfg
                0x060522cc                tileMapPtr
                0x060522d0                maps
 *fill*         0x060522d8        0x8 00
 COMMON         0x060522e0       0x90 static.o
                                  0x0 (size before relaxing)
                0x060522e0                nbg1Scfg
                0x0605236c                staticEnable
 COMMON         0x06052370      0x400 ../sbl6/segalib/lib/sega_int.a(int.o)
                                  0x0 (size before relaxing)
                0x06052370                __interrupt_vector
 COMMON         0x06052770       0x50 ../sbl6/segalib/lib/sega_spr.a(spr_2c.o)
                                  0x0 (size before relaxing)
                0x06052770                SpMstCmd
                0x06052774                Sp2OpenFlag
                0x06052778                SpGourTblMax
                0x0605277c                SpDrawPrtyBlk
                0x06052780                SpLCoordX
                0x06052784                SpMstDrawPrtyBlk
                0x06052788                SpGourTbl
                0x0605278c                SpLookupTblR
                0x06052790                SpCmdTbl
                0x06052794                SpCharMax
                0x06052798                SpDrawPrtyProcFlag
                0x0605279c                SpCmdNo
                0x060527a0                SpDrawPrtyBlkMax
                0x060527a4                SpSlvCmdPos
                0x060527a8                SpSlvDrawPrtyBlk
                0x060527ac                SpCharTbl
                0x060527b0                SpCmdTblR
                0x060527b4                SpMstCmdPos
                0x060527b8                SpSlvCmd
                0x060527bc                SpLCoordY
 COMMON         0x060527c0       0x10 ../sbl6/segalib/lib/sega_spr.a(spr_1c.o)
                                  0x0 (size before relaxing)
                0x060527c0                SpScreenY
                0x060527c4                SpFbcrMode
                0x060527c6                SpDil
                0x060527c8                SpDie
                0x060527ca                SpTvMode
                0x060527cc                SpScreenX
 COMMON         0x060527d0      0xf00 ../sbl6/segalib/lib/sega_scl.a(scl_func.o)
                                  0x0 (size before relaxing)
                0x060527d0                SclRbgKtbAddr
                0x060527d8                SclRb
                0x060527da                Scl_flag
                0x060527e0                SclK_TableBuff
                0x060534b0                SclAddrCsTbl
                0x060534c0                Scl_s_reg
                0x060534e8                SclRotateXy
                0x060534f0                Scl_d_reg
                0x06053538                SclRotateDisp
                0x06053540                SclRotateMoveZ
                0x06053548                SclRotXySw
                0x06053550                Scl_r_reg
                0x06053560                SclRPMD
                0x06053568                SclRbgKtbOffset
                0x06053570                _SclRotregBuff
                0x06053640                SclRa
                0x06053648                SclRotateZ
                0x06053650                SclAddrLsTbl
                0x06053658                SclK_TableNum
                0x06053660                SclRotateTableAddress
                0x06053664                SclK_TableFlag
                0x06053670                Scl_w_reg
                0x06053690                Scl_n_reg
 COMMON         0x060536d0       0x10 ../sbl6/segalib/lib/sega_scl.a(scl_ro00.o)
                                  0x0 (size before relaxing)
                0x060536d0                SclCsx
                0x060536d8                SclCsy
 COMMON         0x060536e0      0x6b0 ../sbl6/segalib/lib/sega_scl.a(scl_pri.o)
                                  0x0 (size before relaxing)
                0x060536e0                SclAutoEndBlue2
                0x060536f0                SclColOffset
                0x06053700                SclPriBuffDirty
                0x06053702                SclAutoEndRed
                0x06053704                SclAutoSurface
                0x06053708                SclAutoGreen
                0x0605370a                SclAutoEndGreen
                0x0605370c                SclAutoCount
                0x06053710                SclColRamAlloc256
                0x06053730                SclAutoCurRate
                0x06053731                SclAutoPlusFlag
                0x06053738                SclSpColMix
                0x06053740                SclAutoMax
                0x06053744                SclLineColRamOffset
                0x06053748                SclColRamAlloc2048
                0x0605374c                SclBgPriNum
                0x06053752                SclAutoEndBlue
                0x06053754                SclAutoEndGreen2
                0x06053756                SclAutoVeFlag
                0x06053758                SclBgColMix
                0x06053760                SclAutoIndex
                0x06053764                SclAutoEndRate
                0x06053766                SclAutoBlue
                0x06053768                SclAutoRed
                0x0605376c                SclAutoInterval
                0x06053770                SclOtherPri
                0x06053780                SclAutoRGB
                0x06053d80                SclAutoEndRed2
                0x06053d88                SclSpPriNum
 COMMON         0x06053d90       0x15 ../sbl6/segalib/lib/sega_per.a(per_prt.o)
                                  0x0 (size before relaxing)
                0x06053d90                per_get_time_flg
                0x06053d91                per_hot_res
                0x06053d92                per_set_sys_flg
                0x06053d94                per_get_time_adr
                0x06053d98                per_get_sys_data
                0x06053da4                per_time_out_flg
 *fill*         0x06053da5        0xb 00
 COMMON         0x06053db0        0xc ../sbl6/segalib/lib/sega_sat.a(gfs.o)
                                  0x0 (size before relaxing)
                0x06053db0                GFMC_base
                0x06053db4                gfs_mng_ptr
                0x06053db8                gfs_use_scudma
 *fill*         0x06053dbc        0x4 00
 COMMON         0x06053dc0        0x8 ../sbl6/segalib/lib/sega_sat.a(DMA_CPU5.o)
                                  0x0 (size before relaxing)
                0x06053dc0                dma_cpu_cnt
                0x06053dc4                dma_cpu_dis_adr
 *fill*         0x06053dc8        0x8 00
 COMMON         0x06053dd0        0x8 ../sbl6/segalib/lib/sega_sat.a(gfs_cdf.o)
                                  0x0 (size before relaxing)
                0x06053dd0                gfcf_fad
                0x06053dd4                gfcf_stat
 *fill*         0x06053dd8        0x8 00
 COMMON         0x06053de0        0xc ../sbl6/segalib/lib/sega_sat.a(gfs_cdc.o)
                                  0x0 (size before relaxing)
                0x06053de0                gfcd_fatal_err
                0x06053de4                gfcd_work
                0x06053de8                gfcd_playflag
 *fill*         0x06053dec        0x4 00
 COMMON         0x06053df0        0x4 C:/Saturn/SH_COFF/sh-coff/bin/../lib/gcc/sh-coff/3.4-GNUSH_v0501/../../../../sh-coff/lib\libc.a(syscalls.o)
                                  0x0 (size before relaxing)
                0x06053df0                errno
                0x06053df4                SIZEOF_B = (. - STARTOF_B)
                0x06053df4                ENDOF_B = .
                0x06053df4                _end = .
OUTPUT(main.cof coff-sh)

.comment        0x06053e00      0x500
 .comment       0x06053e00       0x20 ../sbl6/segasmp/lib/strt2_g.o
 .comment       0x06053e20       0x20 vblank.o
 .comment       0x06053e40       0x20 ../sbl6/segasmp/per/smpclib/per_x1.o
 .comment       0x06053e60       0x20 ../sbl6/segasmp/per/smpclib/per_x2.o
 .comment       0x06053e80       0x20 cd.o
 .comment       0x06053ea0       0x20 graphics.o
 .comment       0x06053ec0       0x20 pcmsys.o
 .comment       0x06053ee0       0x20 overworld.o
 .comment       0x06053f00       0x20 battle.o
 .comment       0x06053f20       0x20 player.o
 .comment       0x06053f40       0x20 print.o
 .comment       0x06053f60       0x20 sprite.o
 .comment       0x06053f80       0x20 scroll.o
 .comment       0x06053fa0       0x20 static.o
 .comment       0x06053fc0       0x20 sound.o
 .comment       0x06053fe0       0x20 main.o
 .comment       0x06054000       0x20 C:/Saturn/SH_COFF/sh-coff/bin/../lib/gcc/sh-coff/3.4-GNUSH_v0501\libgcc.a(_si_to_df.o)
 .comment       0x06054020       0x20 C:/Saturn/SH_COFF/sh-coff/bin/../lib/gcc/sh-coff/3.4-GNUSH_v0501\libgcc.a(_mul_df.o)
 .comment       0x06054040       0x20 C:/Saturn/SH_COFF/sh-coff/bin/../lib/gcc/sh-coff/3.4-GNUSH_v0501\libgcc.a(_df_to_si.o)
 .comment       0x06054060       0x20 C:/Saturn/SH_COFF/sh-coff/bin/../lib/gcc/sh-coff/3.4-GNUSH_v0501\libgcc.a(__main.o)
 .comment       0x06054080       0x20 C:/Saturn/SH_COFF/sh-coff/bin/../lib/gcc/sh-coff/3.4-GNUSH_v0501\libgcc.a(_pack_df.o)
 .comment       0x060540a0       0x20 C:/Saturn/SH_COFF/sh-coff/bin/../lib/gcc/sh-coff/3.4-GNUSH_v0501\libgcc.a(_unpack_df.o)
 .comment       0x060540c0       0x20 C:/Saturn/SH_COFF/sh-coff/bin/../lib/gcc/sh-coff/3.4-GNUSH_v0501\libgcc.a(_thenan_df.o)
 .comment       0x060540e0       0x20 C:/Saturn/SH_COFF/sh-coff/bin/../lib/gcc/sh-coff/3.4-GNUSH_v0501\libgcc.a(_muldi3.o)
 .comment       0x06054100       0x20 C:/Saturn/SH_COFF/sh-coff/bin/../lib/gcc/sh-coff/3.4-GNUSH_v0501\libgcc.a(_lshrdi3.o)
 .comment       0x06054120       0x20 C:/Saturn/SH_COFF/sh-coff/bin/../lib/gcc/sh-coff/3.4-GNUSH_v0501\libgcc.a(_ashldi3.o)
 .comment       0x06054140       0x20 C:/Saturn/SH_COFF/sh-coff/bin/../lib/gcc/sh-coff/3.4-GNUSH_v0501/../../../../sh-coff/lib\libc.a(memcmp.o)
 .comment       0x06054160       0x20 C:/Saturn/SH_COFF/sh-coff/bin/../lib/gcc/sh-coff/3.4-GNUSH_v0501/../../../../sh-coff/lib\libc.a(strncmp.o)
 .comment       0x06054180       0x20 C:/Saturn/SH_COFF/sh-coff/bin/../lib/gcc/sh-coff/3.4-GNUSH_v0501/../../../../sh-coff/lib\libc.a(strncpy.o)
 .comment       0x060541a0       0x20 C:/Saturn/SH_COFF/sh-coff/bin/../lib/gcc/sh-coff/3.4-GNUSH_v0501/../../../../sh-coff/lib\libc.a(atexit.o)
 .comment       0x060541c0       0x20 C:/Saturn/SH_COFF/sh-coff/bin/../lib/gcc/sh-coff/3.4-GNUSH_v0501/../../../../sh-coff/lib\libc.a(impure.o)
 .comment       0x060541e0       0x20 C:/Saturn/SH_COFF/sh-coff/bin/../lib/gcc/sh-coff/3.4-GNUSH_v0501/../../../../sh-coff/lib\libc.a(malloc.o)
 .comment       0x06054200       0x20 C:/Saturn/SH_COFF/sh-coff/bin/../lib/gcc/sh-coff/3.4-GNUSH_v0501/../../../../sh-coff/lib\libc.a(mallocr.o)
 .comment       0x06054220       0x20 C:/Saturn/SH_COFF/sh-coff/bin/../lib/gcc/sh-coff/3.4-GNUSH_v0501/../../../../sh-coff/lib\libc.a(freer.o)
 .comment       0x06054240       0x20 C:/Saturn/SH_COFF/sh-coff/bin/../lib/gcc/sh-coff/3.4-GNUSH_v0501/../../../../sh-coff/lib\libc.a(mlock.o)
 .comment       0x06054260       0x20 C:/Saturn/SH_COFF/sh-coff/bin/../lib/gcc/sh-coff/3.4-GNUSH_v0501/../../../../sh-coff/lib\libc.a(sbrkr.o)
 .comment       0x06054280       0x20 C:/Saturn/SH_COFF/sh-coff/bin/../lib/gcc/sh-coff/3.4-GNUSH_v0501/../../../../sh-coff/lib\libc.a(syscalls.o)
 .comment       0x060542a0       0x20 C:/Saturn/SH_COFF/sh-coff/bin/../lib/gcc/sh-coff/3.4-GNUSH_v0501/../../../../sh-coff/lib\libc.a(abort.o)
 .comment       0x060542c0       0x20 C:/Saturn/SH_COFF/sh-coff/bin/../lib/gcc/sh-coff/3.4-GNUSH_v0501/../../../../sh-coff/lib\libc.a(signal.o)
 .comment       0x060542e0       0x20 C:/Saturn/SH_COFF/sh-coff/bin/../lib/gcc/sh-coff/3.4-GNUSH_v0501/../../../../sh-coff/lib\libc.a(signalr.o)
